[Alice] Mensagem 0
[Bob] Mensagem 0
[Carlos] Mensagem 0
[Diana] Mensagem 0
[Eduardo] Mensagem 0
[Fernanda] Mensagem 0
[Gabriel] Mensagem 0
[Helena] Mensagem 0
[Igor] Mensagem 0
[Julia] Mensagem 0
[Alice] Mensagem 1
[Bob] Mensagem 1
[Carlos] Mensagem 1
[Diana] Mensagem 1
[Eduardo] Mensagem 1
[Fernanda] Mensagem 1
[Gabriel] Mensagem 1
[Helena] Mensagem 1
[Igor] Mensagem 1
[Julia] Mensagem 1
[Bob] Mensagem 2
[Carlos] Mensagem 2
[Alice] Mensagem 2
[Diana] Mensagem 2
[Fernanda] Mensagem 2
[Eduardo] Mensagem 2
[Gabriel] Mensagem 2
[Helena] Mensagem 2
[Igor] Mensagem 2
[Julia] Mensagem 2
[Bob] Mensagem 3
[Carlos] Mensagem 3
[Alice] Mensagem 3
[Diana] Mensagem 3
[Fernanda] Mensagem 3
[Eduardo] Mensagem 3
[Gabriel] Mensagem 3
[Helena] Mensagem 3
[Igor] Mensagem 3
[Julia] Mensagem 3
[Diana] Mensagem 4
[Alice] Mensagem 4
[Fernanda] Mensagem 4
[Bob] Mensagem 4
[Eduardo] Mensagem 4
[Gabriel] Mensagem 4
[Helena] Mensagem 4
[Carlos] Mensagem 4
[Igor] Mensagem 4
[Julia] Mensagem 4
[Alice] Mensagem 0
[Carlos] Mensagem 0
[Bob] Mensagem 0
[Diana] Mensagem 0
[Eduardo] Mensagem 0
[Fernanda] Mensagem 0
[Gabriel] Mensagem 0
[Helena] Mensagem 0
[Julia] Mensagem 0
[Igor] Mensagem 0
[Alice] Mensagem 1
[Carlos] Mensagem 1
[Bob] Mensagem 1
[Diana] Mensagem 1
[Eduardo] Mensagem 1
[Fernanda] Mensagem 1
[Helena] Mensagem 1
[Gabriel] Mensagem 1
[Julia] Mensagem 1
[Igor] Mensagem 1
[Alice] Mensagem 2
[Carlos] Mensagem 2
[Diana] Mensagem 2
[Bob] Mensagem 2
[Eduardo] Mensagem 2
[Fernanda] Mensagem 2
[Helena] Mensagem 2
[Julia] Mensagem 2
[Gabriel] Mensagem 2
[Igor] Mensagem 2
[Alice] Mensagem 3
[Carlos] Mensagem 3
[Diana] Mensagem 3
[Bob] Mensagem 3
[Eduardo] Mensagem 3
[Fernanda] Mensagem 3
[Helena] Mensagem 3
[Julia] Mensagem 3
[Gabriel] Mensagem 3
[Igor] Mensagem 3
[Alice] Mensagem 4
[Diana] Mensagem 4
[Carlos] Mensagem 4
[Eduardo] Mensagem 4
[Bob] Mensagem 4
[Fernanda] Mensagem 4
[Helena] Mensagem 4
[Julia] Mensagem 4
[Igor] Mensagem 4
[Gabriel] Mensagem 4
